// Jest Snapshot v1, https://goo.gl/fbAQLP

exports[`webwhois Load page 1`] = `<body />`;
